// Jest Snapshot v1, https://goo.gl/fbAQLP

exports[`Test login saga must call loginFailure action 1`] = `
Object {
  "@@redux-saga/IO": true,
  "combinator": false,
  "payload": Object {
    "args": Array [
      "test@example.com",
      "test password",
    ],
    "context": null,
    "fn": [Function],
  },
  "type": "CALL",
}
`;

exports[`Test login saga must call loginSuccess action 1`] = `
Object {
  "@@redux-saga/IO": true,
  "combinator": false,
  "payload": Object {
    "args": Array [
      "test@example.com",
      "test password",
    ],
    "context": null,
    "fn": [Function],
  },
  "type": "CALL",
}
`;
