// Jest Snapshot v1, https://goo.gl/fbAQLP

exports[`Test signup saga must call signupFailure action 1`] = `
Object {
  "@@redux-saga/IO": true,
  "combinator": false,
  "payload": Object {
    "args": Array [
      Object {},
    ],
    "context": null,
    "fn": [Function],
  },
  "type": "CALL",
}
`;

exports[`Test signup saga must call signupSuccess action 1`] = `
Object {
  "@@redux-saga/IO": true,
  "combinator": false,
  "payload": Object {
    "args": Array [
      Object {},
    ],
    "context": null,
    "fn": [Function],
  },
  "type": "CALL",
}
`;
